components/auth/Signup.tsx(138,55): error TS2304: Cannot find name 'selectedRoleId'.
components/auth/Signup.tsx(792,185): error TS2304: Cannot find name 'selectedRoleId'.
features/role-permission/rolePermissionModel.ts(1,29): error TS1149: File name 'C:/Users/theco/Desktop/THEWEBSOURCES/Resource Managment/websites/student-nexus-frontend/features/Permissions/permissionModel.ts' differs from already included file name 'C:/Users/theco/Desktop/THEWEBSOURCES/Resource Managment/websites/student-nexus-frontend/features/permissions/permissionModel.ts' only in casing.
  The file is in the program because:
    Matched by include pattern '**/*.ts' in 'C:/Users/theco/Desktop/THEWEBSOURCES/Resource Managment/websites/student-nexus-frontend/tsconfig.json'
    Imported via "./permissionModel" from file 'C:/Users/theco/Desktop/THEWEBSOURCES/Resource Managment/websites/student-nexus-frontend/features/permissions/permissionSlice.ts'
    Imported via "./permissionModel" from file 'C:/Users/theco/Desktop/THEWEBSOURCES/Resource Managment/websites/student-nexus-frontend/features/permissions/permissionThunk.ts'
    Imported via "../Permissions/permissionModel" from file 'C:/Users/theco/Desktop/THEWEBSOURCES/Resource Managment/websites/student-nexus-frontend/features/role-permission/rolePermissionModel.ts'
features/role-permission/rolePermissionModel.ts(2,23): error TS2307: Cannot find module '../Roles/RolesModel' or its corresponding type declarations.
features/role-permission/rolePermissionSlice.ts(50,71): error TS2339: Property 'id' does not exist on type 'IPermission'.
features/role-permission/rolePermissionThunk.ts(17,27): error TS2551: Property 'ROLE_PERMISSION' does not exist on type '{ AUTH: { LOGIN: string; REGISTER: string; LOGOUT: string; REFRESH_TOKEN: string; VERIFY_EMAIL: string; RESEND_OTP: string; COMPLETE_REGISTRATION: string; DELETE_USER: (id: string) => string; GET_ALL_USERS: string; TOGGLE_PRIVACY: string; FORGOT_PASSWORD: string; RESET_PASSWORD: string; VERIFY_RESET_OTP: string; }; ...'. Did you mean 'PERMISSION'?
features/role-permission/rolePermissionThunk.ts(34,27): error TS2551: Property 'ROLE_PERMISSION' does not exist on type '{ AUTH: { LOGIN: string; REGISTER: string; LOGOUT: string; REFRESH_TOKEN: string; VERIFY_EMAIL: string; RESEND_OTP: string; COMPLETE_REGISTRATION: string; DELETE_USER: (id: string) => string; GET_ALL_USERS: string; TOGGLE_PRIVACY: string; FORGOT_PASSWORD: string; RESET_PASSWORD: string; VERIFY_RESET_OTP: string; }; ...'. Did you mean 'PERMISSION'?
features/role-permission/rolePermissionThunk.ts(51,27): error TS2551: Property 'ROLE_PERMISSION' does not exist on type '{ AUTH: { LOGIN: string; REGISTER: string; LOGOUT: string; REFRESH_TOKEN: string; VERIFY_EMAIL: string; RESEND_OTP: string; COMPLETE_REGISTRATION: string; DELETE_USER: (id: string) => string; GET_ALL_USERS: string; TOGGLE_PRIVACY: string; FORGOT_PASSWORD: string; RESET_PASSWORD: string; VERIFY_RESET_OTP: string; }; ...'. Did you mean 'PERMISSION'?
features/role-permission/rolePermissionThunk.ts(69,31): error TS2551: Property 'ROLE_PERMISSION' does not exist on type '{ AUTH: { LOGIN: string; REGISTER: string; LOGOUT: string; REFRESH_TOKEN: string; VERIFY_EMAIL: string; RESEND_OTP: string; COMPLETE_REGISTRATION: string; DELETE_USER: (id: string) => string; GET_ALL_USERS: string; TOGGLE_PRIVACY: string; FORGOT_PASSWORD: string; RESET_PASSWORD: string; VERIFY_RESET_OTP: string; }; ...'. Did you mean 'PERMISSION'?
